[2026-08-24T17:41:36+09:00] Task id: 9
[2026-08-24T17:41:36+09:00] Instruction: pick up the black bowl on the wooden cabinet and place it on the plate
[2026-08-24T17:41:36+09:00] Trials: 50
[2026-08-24T17:41:38+09:00] Starting episode 000
[2026-08-24T17:42:06+09:00] Saved video: /home/user/LIBERO/experiments/libero_spatial_benchmark/openvla-7b-finetuned-libero-spatial/seed_7/task_09/videos/episode_000.mp4
[2026-08-24T17:42:07+09:00] Episode 000: success=True, reason=success, policy_steps=112
[2026-08-24T17:42:07+09:00] Starting episode 001
[2026-08-24T17:42:38+09:00] Saved video: /home/user/LIBERO/experiments/libero_spatial_benchmark/openvla-7b-finetuned-libero-spatial/seed_7/task_09/videos/episode_001.mp4
[2026-08-24T17:42:39+09:00] Episode 001: success=True, reason=success, policy_steps=128
[2026-08-24T17:42:39+09:00] Starting episode 002
[2026-08-24T17:43:09+09:00] Saved video: /home/user/LIBERO/experiments/libero_spatial_benchmark/openvla-7b-finetuned-libero-spatial/seed_7/task_09/videos/episode_002.mp4
[2026-08-24T17:43:10+09:00] Episode 002: success=True, reason=success, policy_steps=124
[2026-08-24T17:43:10+09:00] Starting episode 003
[2026-08-24T17:43:40+09:00] Saved video: /home/user/LIBERO/experiments/libero_spatial_benchmark/openvla-7b-finetuned-libero-spatial/seed_7/task_09/videos/episode_003.mp4
[2026-08-24T17:43:40+09:00] Episode 003: success=True, reason=success, policy_steps=121
[2026-08-24T17:43:40+09:00] Starting episode 004
[2026-08-24T17:44:32+09:00] Saved video: /home/user/LIBERO/experiments/libero_spatial_benchmark/openvla-7b-finetuned-libero-spatial/seed_7/task_09/videos/episode_004.mp4
[2026-08-24T17:44:33+09:00] Episode 004: success=False, reason=timeout, policy_steps=220
[2026-08-24T17:44:33+09:00] Starting episode 005
[2026-08-24T17:45:11+09:00] Saved video: /home/user/LIBERO/experiments/libero_spatial_benchmark/openvla-7b-finetuned-libero-spatial/seed_7/task_09/videos/episode_005.mp4
[2026-08-24T17:45:12+09:00] Episode 005: success=True, reason=success, policy_steps=158
[2026-08-24T17:45:12+09:00] Starting episode 006
[2026-08-24T17:46:04+09:00] Saved video: /home/user/LIBERO/experiments/libero_spatial_benchmark/openvla-7b-finetuned-libero-spatial/seed_7/task_09/videos/episode_006.mp4
[2026-08-24T17:46:05+09:00] Episode 006: success=False, reason=timeout, policy_steps=220
[2026-08-24T17:46:05+09:00] Starting episode 007
[2026-08-24T17:46:46+09:00] Saved video: /home/user/LIBERO/experiments/libero_spatial_benchmark/openvla-7b-finetuned-libero-spatial/seed_7/task_09/videos/episode_007.mp4
[2026-08-24T17:46:46+09:00] Episode 007: success=True, reason=success, policy_steps=167
[2026-08-24T17:46:46+09:00] Starting episode 008
[2026-08-24T17:47:38+09:00] Saved video: /home/user/LIBERO/experiments/libero_spatial_benchmark/openvla-7b-finetuned-libero-spatial/seed_7/task_09/videos/episode_008.mp4
[2026-08-24T17:47:39+09:00] Episode 008: success=False, reason=timeout, policy_steps=220
[2026-08-24T17:47:39+09:00] Starting episode 009
[2026-08-24T17:48:09+09:00] Saved video: /home/user/LIBERO/experiments/libero_spatial_benchmark/openvla-7b-finetuned-libero-spatial/seed_7/task_09/videos/episode_009.mp4
[2026-08-24T17:48:10+09:00] Episode 009: success=True, reason=success, policy_steps=122
[2026-08-24T17:48:10+09:00] Starting episode 010
[2026-08-24T17:48:51+09:00] Saved video: /home/user/LIBERO/experiments/libero_spatial_benchmark/openvla-7b-finetuned-libero-spatial/seed_7/task_09/videos/episode_010.mp4
[2026-08-24T17:48:51+09:00] Episode 010: success=True, reason=success, policy_steps=172
[2026-08-24T17:48:51+09:00] Starting episode 011
[2026-08-24T17:49:21+09:00] Saved video: /home/user/LIBERO/experiments/libero_spatial_benchmark/openvla-7b-finetuned-libero-spatial/seed_7/task_09/videos/episode_011.mp4
[2026-08-24T17:49:21+09:00] Episode 011: success=True, reason=success, policy_steps=119
[2026-08-24T17:49:21+09:00] Starting episode 012
[2026-08-24T17:50:13+09:00] Saved video: /home/user/LIBERO/experiments/libero_spatial_benchmark/openvla-7b-finetuned-libero-spatial/seed_7/task_09/videos/episode_012.mp4
[2026-08-24T17:50:14+09:00] Episode 012: success=False, reason=timeout, policy_steps=220
[2026-08-24T17:50:14+09:00] Starting episode 013
[2026-08-24T17:50:45+09:00] Saved video: /home/user/LIBERO/experiments/libero_spatial_benchmark/openvla-7b-finetuned-libero-spatial/seed_7/task_09/videos/episode_013.mp4
[2026-08-24T17:50:46+09:00] Episode 013: success=True, reason=success, policy_steps=122
[2026-08-24T17:50:46+09:00] Starting episode 014
[2026-08-24T17:51:16+09:00] Saved video: /home/user/LIBERO/experiments/libero_spatial_benchmark/openvla-7b-finetuned-libero-spatial/seed_7/task_09/videos/episode_014.mp4
[2026-08-24T17:51:17+09:00] Episode 014: success=True, reason=success, policy_steps=123
[2026-08-24T17:51:17+09:00] Starting episode 015
[2026-08-24T17:51:44+09:00] Saved video: /home/user/LIBERO/experiments/libero_spatial_benchmark/openvla-7b-finetuned-libero-spatial/seed_7/task_09/videos/episode_015.mp4
[2026-08-24T17:51:45+09:00] Episode 015: success=True, reason=success, policy_steps=110
[2026-08-24T17:51:45+09:00] Starting episode 016
[2026-08-24T17:52:13+09:00] Saved video: /home/user/LIBERO/experiments/libero_spatial_benchmark/openvla-7b-finetuned-libero-spatial/seed_7/task_09/videos/episode_016.mp4
[2026-08-24T17:52:14+09:00] Episode 016: success=True, reason=success, policy_steps=114
[2026-08-24T17:52:14+09:00] Starting episode 017
[2026-08-24T17:52:43+09:00] Saved video: /home/user/LIBERO/experiments/libero_spatial_benchmark/openvla-7b-finetuned-libero-spatial/seed_7/task_09/videos/episode_017.mp4
[2026-08-24T17:52:43+09:00] Episode 017: success=True, reason=success, policy_steps=117
[2026-08-24T17:52:43+09:00] Starting episode 018
[2026-08-24T17:53:15+09:00] Saved video: /home/user/LIBERO/experiments/libero_spatial_benchmark/openvla-7b-finetuned-libero-spatial/seed_7/task_09/videos/episode_018.mp4
[2026-08-24T17:53:15+09:00] Episode 018: success=True, reason=success, policy_steps=128
[2026-08-24T17:53:15+09:00] Starting episode 019
[2026-08-24T17:54:07+09:00] Saved video: /home/user/LIBERO/experiments/libero_spatial_benchmark/openvla-7b-finetuned-libero-spatial/seed_7/task_09/videos/episode_019.mp4
[2026-08-24T17:54:08+09:00] Episode 019: success=False, reason=timeout, policy_steps=220
[2026-08-24T17:54:08+09:00] Starting episode 020
[2026-08-24T17:54:39+09:00] Saved video: /home/user/LIBERO/experiments/libero_spatial_benchmark/openvla-7b-finetuned-libero-spatial/seed_7/task_09/videos/episode_020.mp4
[2026-08-24T17:54:40+09:00] Episode 020: success=True, reason=success, policy_steps=125
[2026-08-24T17:54:40+09:00] Starting episode 021
[2026-08-24T17:55:09+09:00] Saved video: /home/user/LIBERO/experiments/libero_spatial_benchmark/openvla-7b-finetuned-libero-spatial/seed_7/task_09/videos/episode_021.mp4
[2026-08-24T17:55:09+09:00] Episode 021: success=True, reason=success, policy_steps=118
[2026-08-24T17:55:09+09:00] Starting episode 022
[2026-08-24T17:55:39+09:00] Saved video: /home/user/LIBERO/experiments/libero_spatial_benchmark/openvla-7b-finetuned-libero-spatial/seed_7/task_09/videos/episode_022.mp4
[2026-08-24T17:55:39+09:00] Episode 022: success=True, reason=success, policy_steps=119
[2026-08-24T17:55:39+09:00] Starting episode 023
[2026-08-24T17:56:07+09:00] Saved video: /home/user/LIBERO/experiments/libero_spatial_benchmark/openvla-7b-finetuned-libero-spatial/seed_7/task_09/videos/episode_023.mp4
[2026-08-24T17:56:07+09:00] Episode 023: success=True, reason=success, policy_steps=110
[2026-08-24T17:56:07+09:00] Starting episode 024
[2026-08-24T17:56:37+09:00] Saved video: /home/user/LIBERO/experiments/libero_spatial_benchmark/openvla-7b-finetuned-libero-spatial/seed_7/task_09/videos/episode_024.mp4
[2026-08-24T17:56:38+09:00] Episode 024: success=True, reason=success, policy_steps=121
[2026-08-24T17:56:38+09:00] Starting episode 025
[2026-08-24T17:57:12+09:00] Saved video: /home/user/LIBERO/experiments/libero_spatial_benchmark/openvla-7b-finetuned-libero-spatial/seed_7/task_09/videos/episode_025.mp4
[2026-08-24T17:57:13+09:00] Episode 025: success=True, reason=success, policy_steps=141
[2026-08-24T17:57:13+09:00] Starting episode 026
[2026-08-24T17:57:41+09:00] Saved video: /home/user/LIBERO/experiments/libero_spatial_benchmark/openvla-7b-finetuned-libero-spatial/seed_7/task_09/videos/episode_026.mp4
[2026-08-24T17:57:42+09:00] Episode 026: success=True, reason=success, policy_steps=114
[2026-08-24T17:57:42+09:00] Starting episode 027
[2026-08-24T17:58:11+09:00] Saved video: /home/user/LIBERO/experiments/libero_spatial_benchmark/openvla-7b-finetuned-libero-spatial/seed_7/task_09/videos/episode_027.mp4
[2026-08-24T17:58:12+09:00] Episode 027: success=True, reason=success, policy_steps=118
[2026-08-24T17:58:12+09:00] Starting episode 028
[2026-08-24T17:59:03+09:00] Saved video: /home/user/LIBERO/experiments/libero_spatial_benchmark/openvla-7b-finetuned-libero-spatial/seed_7/task_09/videos/episode_028.mp4
[2026-08-24T17:59:04+09:00] Episode 028: success=False, reason=timeout, policy_steps=220
[2026-08-24T17:59:04+09:00] Starting episode 029
[2026-08-24T17:59:57+09:00] Saved video: /home/user/LIBERO/experiments/libero_spatial_benchmark/openvla-7b-finetuned-libero-spatial/seed_7/task_09/videos/episode_029.mp4
[2026-08-24T17:59:57+09:00] Episode 029: success=False, reason=timeout, policy_steps=220
[2026-08-24T17:59:57+09:00] Starting episode 030
[2026-08-24T18:00:31+09:00] Saved video: /home/user/LIBERO/experiments/libero_spatial_benchmark/openvla-7b-finetuned-libero-spatial/seed_7/task_09/videos/episode_030.mp4
[2026-08-24T18:00:31+09:00] Episode 030: success=True, reason=success, policy_steps=137
[2026-08-24T18:00:31+09:00] Starting episode 031
[2026-08-24T18:01:01+09:00] Saved video: /home/user/LIBERO/experiments/libero_spatial_benchmark/openvla-7b-finetuned-libero-spatial/seed_7/task_09/videos/episode_031.mp4
[2026-08-24T18:01:01+09:00] Episode 031: success=True, reason=success, policy_steps=119
[2026-08-24T18:01:01+09:00] Starting episode 032
[2026-08-24T18:01:29+09:00] Saved video: /home/user/LIBERO/experiments/libero_spatial_benchmark/openvla-7b-finetuned-libero-spatial/seed_7/task_09/videos/episode_032.mp4
[2026-08-24T18:01:30+09:00] Episode 032: success=True, reason=success, policy_steps=111
[2026-08-24T18:01:30+09:00] Starting episode 033
[2026-08-24T18:01:59+09:00] Saved video: /home/user/LIBERO/experiments/libero_spatial_benchmark/openvla-7b-finetuned-libero-spatial/seed_7/task_09/videos/episode_033.mp4
[2026-08-24T18:01:59+09:00] Episode 033: success=True, reason=success, policy_steps=119
[2026-08-24T18:01:59+09:00] Starting episode 034
[2026-08-24T18:02:27+09:00] Saved video: /home/user/LIBERO/experiments/libero_spatial_benchmark/openvla-7b-finetuned-libero-spatial/seed_7/task_09/videos/episode_034.mp4
[2026-08-24T18:02:27+09:00] Episode 034: success=True, reason=success, policy_steps=109
[2026-08-24T18:02:27+09:00] Starting episode 035
[2026-08-24T18:02:58+09:00] Saved video: /home/user/LIBERO/experiments/libero_spatial_benchmark/openvla-7b-finetuned-libero-spatial/seed_7/task_09/videos/episode_035.mp4
[2026-08-24T18:02:58+09:00] Episode 035: success=True, reason=success, policy_steps=124
[2026-08-24T18:02:58+09:00] Starting episode 036
[2026-08-24T18:03:50+09:00] Saved video: /home/user/LIBERO/experiments/libero_spatial_benchmark/openvla-7b-finetuned-libero-spatial/seed_7/task_09/videos/episode_036.mp4
[2026-08-24T18:03:51+09:00] Episode 036: success=False, reason=timeout, policy_steps=220
[2026-08-24T18:03:51+09:00] Starting episode 037
[2026-08-24T18:04:25+09:00] Saved video: /home/user/LIBERO/experiments/libero_spatial_benchmark/openvla-7b-finetuned-libero-spatial/seed_7/task_09/videos/episode_037.mp4
[2026-08-24T18:04:26+09:00] Episode 037: success=True, reason=success, policy_steps=141
[2026-08-24T18:04:26+09:00] Starting episode 038
[2026-08-24T18:05:18+09:00] Saved video: /home/user/LIBERO/experiments/libero_spatial_benchmark/openvla-7b-finetuned-libero-spatial/seed_7/task_09/videos/episode_038.mp4
[2026-08-24T18:05:19+09:00] Episode 038: success=False, reason=timeout, policy_steps=220
[2026-08-24T18:05:19+09:00] Starting episode 039
[2026-08-24T18:06:11+09:00] Saved video: /home/user/LIBERO/experiments/libero_spatial_benchmark/openvla-7b-finetuned-libero-spatial/seed_7/task_09/videos/episode_039.mp4
[2026-08-24T18:06:11+09:00] Episode 039: success=False, reason=timeout, policy_steps=220
[2026-08-24T18:06:11+09:00] Starting episode 040
[2026-08-24T18:06:40+09:00] Saved video: /home/user/LIBERO/experiments/libero_spatial_benchmark/openvla-7b-finetuned-libero-spatial/seed_7/task_09/videos/episode_040.mp4
[2026-08-24T18:06:40+09:00] Episode 040: success=True, reason=success, policy_steps=116
[2026-08-24T18:06:40+09:00] Starting episode 041
[2026-08-24T18:07:32+09:00] Saved video: /home/user/LIBERO/experiments/libero_spatial_benchmark/openvla-7b-finetuned-libero-spatial/seed_7/task_09/videos/episode_041.mp4
[2026-08-24T18:07:33+09:00] Episode 041: success=False, reason=timeout, policy_steps=220
[2026-08-24T18:07:33+09:00] Starting episode 042
[2026-08-24T18:08:01+09:00] Saved video: /home/user/LIBERO/experiments/libero_spatial_benchmark/openvla-7b-finetuned-libero-spatial/seed_7/task_09/videos/episode_042.mp4
[2026-08-24T18:08:01+09:00] Episode 042: success=True, reason=success, policy_steps=111
[2026-08-24T18:08:01+09:00] Starting episode 043
[2026-08-24T18:08:32+09:00] Saved video: /home/user/LIBERO/experiments/libero_spatial_benchmark/openvla-7b-finetuned-libero-spatial/seed_7/task_09/videos/episode_043.mp4
[2026-08-24T18:08:32+09:00] Episode 043: success=True, reason=success, policy_steps=124
[2026-08-24T18:08:32+09:00] Starting episode 044
[2026-08-24T18:09:00+09:00] Saved video: /home/user/LIBERO/experiments/libero_spatial_benchmark/openvla-7b-finetuned-libero-spatial/seed_7/task_09/videos/episode_044.mp4
[2026-08-24T18:09:00+09:00] Episode 044: success=True, reason=success, policy_steps=111
[2026-08-24T18:09:00+09:00] Starting episode 045
[2026-08-24T18:09:49+09:00] Saved video: /home/user/LIBERO/experiments/libero_spatial_benchmark/openvla-7b-finetuned-libero-spatial/seed_7/task_09/videos/episode_045.mp4
[2026-08-24T18:09:50+09:00] Episode 045: success=True, reason=success, policy_steps=207
[2026-08-24T18:09:50+09:00] Starting episode 046
[2026-08-24T18:10:21+09:00] Saved video: /home/user/LIBERO/experiments/libero_spatial_benchmark/openvla-7b-finetuned-libero-spatial/seed_7/task_09/videos/episode_046.mp4
[2026-08-24T18:10:21+09:00] Episode 046: success=True, reason=success, policy_steps=122
[2026-08-24T18:10:21+09:00] Starting episode 047
[2026-08-24T18:10:50+09:00] Saved video: /home/user/LIBERO/experiments/libero_spatial_benchmark/openvla-7b-finetuned-libero-spatial/seed_7/task_09/videos/episode_047.mp4
[2026-08-24T18:10:51+09:00] Episode 047: success=True, reason=success, policy_steps=116
[2026-08-24T18:10:51+09:00] Starting episode 048
[2026-08-24T18:11:19+09:00] Saved video: /home/user/LIBERO/experiments/libero_spatial_benchmark/openvla-7b-finetuned-libero-spatial/seed_7/task_09/videos/episode_048.mp4
[2026-08-24T18:11:20+09:00] Episode 048: success=True, reason=success, policy_steps=115
[2026-08-24T18:11:20+09:00] Starting episode 049
[2026-08-24T18:12:11+09:00] Saved video: /home/user/LIBERO/experiments/libero_spatial_benchmark/openvla-7b-finetuned-libero-spatial/seed_7/task_09/videos/episode_049.mp4
[2026-08-24T18:12:12+09:00] Episode 049: success=False, reason=timeout, policy_steps=220
