[2026-08-24T15:21:48+09:00] Task id: 4
[2026-08-24T15:21:48+09:00] Instruction: pick up the black bowl in the top drawer of the wooden cabinet and place it on the plate
[2026-08-24T15:21:48+09:00] Trials: 50
[2026-08-24T15:21:50+09:00] Starting episode 000
[2026-08-24T15:22:24+09:00] Saved video: /home/user/LIBERO/experiments/libero_spatial_benchmark/openvla-7b-finetuned-libero-spatial/seed_7/task_04/videos/episode_000.mp4
[2026-08-24T15:22:24+09:00] Episode 000: success=True, reason=success, policy_steps=127
[2026-08-24T15:22:24+09:00] Starting episode 001
[2026-08-24T15:23:19+09:00] Saved video: /home/user/LIBERO/experiments/libero_spatial_benchmark/openvla-7b-finetuned-libero-spatial/seed_7/task_04/videos/episode_001.mp4
[2026-08-24T15:23:20+09:00] Episode 001: success=False, reason=timeout, policy_steps=220
[2026-08-24T15:23:20+09:00] Starting episode 002
[2026-08-24T15:24:15+09:00] Saved video: /home/user/LIBERO/experiments/libero_spatial_benchmark/openvla-7b-finetuned-libero-spatial/seed_7/task_04/videos/episode_002.mp4
[2026-08-24T15:24:16+09:00] Episode 002: success=False, reason=timeout, policy_steps=220
[2026-08-24T15:24:16+09:00] Starting episode 003
[2026-08-24T15:25:11+09:00] Saved video: /home/user/LIBERO/experiments/libero_spatial_benchmark/openvla-7b-finetuned-libero-spatial/seed_7/task_04/videos/episode_003.mp4
[2026-08-24T15:25:12+09:00] Episode 003: success=False, reason=timeout, policy_steps=220
[2026-08-24T15:25:12+09:00] Starting episode 004
[2026-08-24T15:25:46+09:00] Saved video: /home/user/LIBERO/experiments/libero_spatial_benchmark/openvla-7b-finetuned-libero-spatial/seed_7/task_04/videos/episode_004.mp4
[2026-08-24T15:25:47+09:00] Episode 004: success=True, reason=success, policy_steps=134
[2026-08-24T15:25:47+09:00] Starting episode 005
[2026-08-24T15:26:20+09:00] Saved video: /home/user/LIBERO/experiments/libero_spatial_benchmark/openvla-7b-finetuned-libero-spatial/seed_7/task_04/videos/episode_005.mp4
[2026-08-24T15:26:21+09:00] Episode 005: success=True, reason=success, policy_steps=131
[2026-08-24T15:26:21+09:00] Starting episode 006
[2026-08-24T15:26:54+09:00] Saved video: /home/user/LIBERO/experiments/libero_spatial_benchmark/openvla-7b-finetuned-libero-spatial/seed_7/task_04/videos/episode_006.mp4
[2026-08-24T15:26:55+09:00] Episode 006: success=True, reason=success, policy_steps=129
[2026-08-24T15:26:55+09:00] Starting episode 007
[2026-08-24T15:27:26+09:00] Saved video: /home/user/LIBERO/experiments/libero_spatial_benchmark/openvla-7b-finetuned-libero-spatial/seed_7/task_04/videos/episode_007.mp4
[2026-08-24T15:27:27+09:00] Episode 007: success=True, reason=success, policy_steps=124
[2026-08-24T15:27:27+09:00] Starting episode 008
[2026-08-24T15:27:57+09:00] Saved video: /home/user/LIBERO/experiments/libero_spatial_benchmark/openvla-7b-finetuned-libero-spatial/seed_7/task_04/videos/episode_008.mp4
[2026-08-24T15:27:57+09:00] Episode 008: success=True, reason=success, policy_steps=114
[2026-08-24T15:27:57+09:00] Starting episode 009
[2026-08-24T15:28:31+09:00] Saved video: /home/user/LIBERO/experiments/libero_spatial_benchmark/openvla-7b-finetuned-libero-spatial/seed_7/task_04/videos/episode_009.mp4
[2026-08-24T15:28:32+09:00] Episode 009: success=True, reason=success, policy_steps=135
[2026-08-24T15:28:32+09:00] Starting episode 010
[2026-08-24T15:29:25+09:00] Saved video: /home/user/LIBERO/experiments/libero_spatial_benchmark/openvla-7b-finetuned-libero-spatial/seed_7/task_04/videos/episode_010.mp4
[2026-08-24T15:29:26+09:00] Episode 010: success=False, reason=timeout, policy_steps=220
[2026-08-24T15:29:26+09:00] Starting episode 011
[2026-08-24T15:30:20+09:00] Saved video: /home/user/LIBERO/experiments/libero_spatial_benchmark/openvla-7b-finetuned-libero-spatial/seed_7/task_04/videos/episode_011.mp4
[2026-08-24T15:30:21+09:00] Episode 011: success=False, reason=timeout, policy_steps=220
[2026-08-24T15:30:21+09:00] Starting episode 012
[2026-08-24T15:30:55+09:00] Saved video: /home/user/LIBERO/experiments/libero_spatial_benchmark/openvla-7b-finetuned-libero-spatial/seed_7/task_04/videos/episode_012.mp4
[2026-08-24T15:30:56+09:00] Episode 012: success=True, reason=success, policy_steps=135
[2026-08-24T15:30:56+09:00] Starting episode 013
[2026-08-24T15:31:50+09:00] Saved video: /home/user/LIBERO/experiments/libero_spatial_benchmark/openvla-7b-finetuned-libero-spatial/seed_7/task_04/videos/episode_013.mp4
[2026-08-24T15:31:51+09:00] Episode 013: success=False, reason=timeout, policy_steps=220
[2026-08-24T15:31:51+09:00] Starting episode 014
[2026-08-24T15:32:45+09:00] Saved video: /home/user/LIBERO/experiments/libero_spatial_benchmark/openvla-7b-finetuned-libero-spatial/seed_7/task_04/videos/episode_014.mp4
[2026-08-24T15:32:46+09:00] Episode 014: success=False, reason=timeout, policy_steps=220
[2026-08-24T15:32:46+09:00] Starting episode 015
[2026-08-24T15:33:16+09:00] Saved video: /home/user/LIBERO/experiments/libero_spatial_benchmark/openvla-7b-finetuned-libero-spatial/seed_7/task_04/videos/episode_015.mp4
[2026-08-24T15:33:17+09:00] Episode 015: success=True, reason=success, policy_steps=120
[2026-08-24T15:33:17+09:00] Starting episode 016
[2026-08-24T15:33:47+09:00] Saved video: /home/user/LIBERO/experiments/libero_spatial_benchmark/openvla-7b-finetuned-libero-spatial/seed_7/task_04/videos/episode_016.mp4
[2026-08-24T15:33:48+09:00] Episode 016: success=True, reason=success, policy_steps=121
[2026-08-24T15:33:48+09:00] Starting episode 017
[2026-08-24T15:34:23+09:00] Saved video: /home/user/LIBERO/experiments/libero_spatial_benchmark/openvla-7b-finetuned-libero-spatial/seed_7/task_04/videos/episode_017.mp4
[2026-08-24T15:34:24+09:00] Episode 017: success=True, reason=success, policy_steps=140
[2026-08-24T15:34:24+09:00] Starting episode 018
[2026-08-24T15:35:18+09:00] Saved video: /home/user/LIBERO/experiments/libero_spatial_benchmark/openvla-7b-finetuned-libero-spatial/seed_7/task_04/videos/episode_018.mp4
[2026-08-24T15:35:19+09:00] Episode 018: success=False, reason=timeout, policy_steps=220
[2026-08-24T15:35:19+09:00] Starting episode 019
[2026-08-24T15:35:51+09:00] Saved video: /home/user/LIBERO/experiments/libero_spatial_benchmark/openvla-7b-finetuned-libero-spatial/seed_7/task_04/videos/episode_019.mp4
[2026-08-24T15:35:51+09:00] Episode 019: success=True, reason=success, policy_steps=127
[2026-08-24T15:35:51+09:00] Starting episode 020
[2026-08-24T15:36:45+09:00] Saved video: /home/user/LIBERO/experiments/libero_spatial_benchmark/openvla-7b-finetuned-libero-spatial/seed_7/task_04/videos/episode_020.mp4
[2026-08-24T15:36:46+09:00] Episode 020: success=False, reason=timeout, policy_steps=220
[2026-08-24T15:36:46+09:00] Starting episode 021
[2026-08-24T15:37:17+09:00] Saved video: /home/user/LIBERO/experiments/libero_spatial_benchmark/openvla-7b-finetuned-libero-spatial/seed_7/task_04/videos/episode_021.mp4
[2026-08-24T15:37:17+09:00] Episode 021: success=True, reason=success, policy_steps=120
[2026-08-24T15:37:17+09:00] Starting episode 022
[2026-08-24T15:37:50+09:00] Saved video: /home/user/LIBERO/experiments/libero_spatial_benchmark/openvla-7b-finetuned-libero-spatial/seed_7/task_04/videos/episode_022.mp4
[2026-08-24T15:37:51+09:00] Episode 022: success=True, reason=success, policy_steps=127
[2026-08-24T15:37:51+09:00] Starting episode 023
[2026-08-24T15:38:26+09:00] Saved video: /home/user/LIBERO/experiments/libero_spatial_benchmark/openvla-7b-finetuned-libero-spatial/seed_7/task_04/videos/episode_023.mp4
[2026-08-24T15:38:26+09:00] Episode 023: success=True, reason=success, policy_steps=142
[2026-08-24T15:38:26+09:00] Starting episode 024
[2026-08-24T15:38:58+09:00] Saved video: /home/user/LIBERO/experiments/libero_spatial_benchmark/openvla-7b-finetuned-libero-spatial/seed_7/task_04/videos/episode_024.mp4
[2026-08-24T15:38:58+09:00] Episode 024: success=True, reason=success, policy_steps=127
[2026-08-24T15:38:58+09:00] Starting episode 025
[2026-08-24T15:39:31+09:00] Saved video: /home/user/LIBERO/experiments/libero_spatial_benchmark/openvla-7b-finetuned-libero-spatial/seed_7/task_04/videos/episode_025.mp4
[2026-08-24T15:39:32+09:00] Episode 025: success=True, reason=success, policy_steps=131
[2026-08-24T15:39:32+09:00] Starting episode 026
[2026-08-24T15:40:01+09:00] Saved video: /home/user/LIBERO/experiments/libero_spatial_benchmark/openvla-7b-finetuned-libero-spatial/seed_7/task_04/videos/episode_026.mp4
[2026-08-24T15:40:02+09:00] Episode 026: success=True, reason=success, policy_steps=116
[2026-08-24T15:40:02+09:00] Starting episode 027
[2026-08-24T15:40:33+09:00] Saved video: /home/user/LIBERO/experiments/libero_spatial_benchmark/openvla-7b-finetuned-libero-spatial/seed_7/task_04/videos/episode_027.mp4
[2026-08-24T15:40:34+09:00] Episode 027: success=True, reason=success, policy_steps=123
[2026-08-24T15:40:34+09:00] Starting episode 028
[2026-08-24T15:41:06+09:00] Saved video: /home/user/LIBERO/experiments/libero_spatial_benchmark/openvla-7b-finetuned-libero-spatial/seed_7/task_04/videos/episode_028.mp4
[2026-08-24T15:41:07+09:00] Episode 028: success=True, reason=success, policy_steps=122
[2026-08-24T15:41:07+09:00] Starting episode 029
[2026-08-24T15:42:01+09:00] Saved video: /home/user/LIBERO/experiments/libero_spatial_benchmark/openvla-7b-finetuned-libero-spatial/seed_7/task_04/videos/episode_029.mp4
[2026-08-24T15:42:02+09:00] Episode 029: success=False, reason=timeout, policy_steps=220
[2026-08-24T15:42:02+09:00] Starting episode 030
[2026-08-24T15:42:57+09:00] Saved video: /home/user/LIBERO/experiments/libero_spatial_benchmark/openvla-7b-finetuned-libero-spatial/seed_7/task_04/videos/episode_030.mp4
[2026-08-24T15:42:58+09:00] Episode 030: success=False, reason=timeout, policy_steps=220
[2026-08-24T15:42:58+09:00] Starting episode 031
[2026-08-24T15:43:33+09:00] Saved video: /home/user/LIBERO/experiments/libero_spatial_benchmark/openvla-7b-finetuned-libero-spatial/seed_7/task_04/videos/episode_031.mp4
[2026-08-24T15:43:34+09:00] Episode 031: success=True, reason=success, policy_steps=137
[2026-08-24T15:43:34+09:00] Starting episode 032
[2026-08-24T15:44:03+09:00] Saved video: /home/user/LIBERO/experiments/libero_spatial_benchmark/openvla-7b-finetuned-libero-spatial/seed_7/task_04/videos/episode_032.mp4
[2026-08-24T15:44:04+09:00] Episode 032: success=True, reason=success, policy_steps=112
[2026-08-24T15:44:04+09:00] Starting episode 033
[2026-08-24T15:44:59+09:00] Saved video: /home/user/LIBERO/experiments/libero_spatial_benchmark/openvla-7b-finetuned-libero-spatial/seed_7/task_04/videos/episode_033.mp4
[2026-08-24T15:45:00+09:00] Episode 033: success=False, reason=timeout, policy_steps=220
[2026-08-24T15:45:00+09:00] Starting episode 034
[2026-08-24T15:45:54+09:00] Saved video: /home/user/LIBERO/experiments/libero_spatial_benchmark/openvla-7b-finetuned-libero-spatial/seed_7/task_04/videos/episode_034.mp4
[2026-08-24T15:45:55+09:00] Episode 034: success=False, reason=timeout, policy_steps=220
[2026-08-24T15:45:55+09:00] Starting episode 035
[2026-08-24T15:46:48+09:00] Saved video: /home/user/LIBERO/experiments/libero_spatial_benchmark/openvla-7b-finetuned-libero-spatial/seed_7/task_04/videos/episode_035.mp4
[2026-08-24T15:46:49+09:00] Episode 035: success=False, reason=timeout, policy_steps=220
[2026-08-24T15:46:49+09:00] Starting episode 036
[2026-08-24T15:47:20+09:00] Saved video: /home/user/LIBERO/experiments/libero_spatial_benchmark/openvla-7b-finetuned-libero-spatial/seed_7/task_04/videos/episode_036.mp4
[2026-08-24T15:47:20+09:00] Episode 036: success=True, reason=success, policy_steps=119
[2026-08-24T15:47:20+09:00] Starting episode 037
[2026-08-24T15:47:51+09:00] Saved video: /home/user/LIBERO/experiments/libero_spatial_benchmark/openvla-7b-finetuned-libero-spatial/seed_7/task_04/videos/episode_037.mp4
[2026-08-24T15:47:52+09:00] Episode 037: success=True, reason=success, policy_steps=123
[2026-08-24T15:47:52+09:00] Starting episode 038
[2026-08-24T15:48:46+09:00] Saved video: /home/user/LIBERO/experiments/libero_spatial_benchmark/openvla-7b-finetuned-libero-spatial/seed_7/task_04/videos/episode_038.mp4
[2026-08-24T15:48:47+09:00] Episode 038: success=False, reason=timeout, policy_steps=220
[2026-08-24T15:48:47+09:00] Starting episode 039
[2026-08-24T15:49:21+09:00] Saved video: /home/user/LIBERO/experiments/libero_spatial_benchmark/openvla-7b-finetuned-libero-spatial/seed_7/task_04/videos/episode_039.mp4
[2026-08-24T15:49:22+09:00] Episode 039: success=True, reason=success, policy_steps=129
[2026-08-24T15:49:22+09:00] Starting episode 040
[2026-08-24T15:49:55+09:00] Saved video: /home/user/LIBERO/experiments/libero_spatial_benchmark/openvla-7b-finetuned-libero-spatial/seed_7/task_04/videos/episode_040.mp4
[2026-08-24T15:49:55+09:00] Episode 040: success=True, reason=success, policy_steps=127
[2026-08-24T15:49:55+09:00] Starting episode 041
[2026-08-24T15:50:30+09:00] Saved video: /home/user/LIBERO/experiments/libero_spatial_benchmark/openvla-7b-finetuned-libero-spatial/seed_7/task_04/videos/episode_041.mp4
[2026-08-24T15:50:30+09:00] Episode 041: success=True, reason=success, policy_steps=136
[2026-08-24T15:50:30+09:00] Starting episode 042
[2026-08-24T15:51:00+09:00] Saved video: /home/user/LIBERO/experiments/libero_spatial_benchmark/openvla-7b-finetuned-libero-spatial/seed_7/task_04/videos/episode_042.mp4
[2026-08-24T15:51:01+09:00] Episode 042: success=True, reason=success, policy_steps=118
[2026-08-24T15:51:01+09:00] Starting episode 043
[2026-08-24T15:51:33+09:00] Saved video: /home/user/LIBERO/experiments/libero_spatial_benchmark/openvla-7b-finetuned-libero-spatial/seed_7/task_04/videos/episode_043.mp4
[2026-08-24T15:51:33+09:00] Episode 043: success=True, reason=success, policy_steps=126
[2026-08-24T15:51:33+09:00] Starting episode 044
[2026-08-24T15:52:09+09:00] Saved video: /home/user/LIBERO/experiments/libero_spatial_benchmark/openvla-7b-finetuned-libero-spatial/seed_7/task_04/videos/episode_044.mp4
[2026-08-24T15:52:10+09:00] Episode 044: success=True, reason=success, policy_steps=140
[2026-08-24T15:52:10+09:00] Starting episode 045
[2026-08-24T15:52:41+09:00] Saved video: /home/user/LIBERO/experiments/libero_spatial_benchmark/openvla-7b-finetuned-libero-spatial/seed_7/task_04/videos/episode_045.mp4
[2026-08-24T15:52:42+09:00] Episode 045: success=True, reason=success, policy_steps=122
[2026-08-24T15:52:42+09:00] Starting episode 046
[2026-08-24T15:53:11+09:00] Saved video: /home/user/LIBERO/experiments/libero_spatial_benchmark/openvla-7b-finetuned-libero-spatial/seed_7/task_04/videos/episode_046.mp4
[2026-08-24T15:53:12+09:00] Episode 046: success=True, reason=success, policy_steps=110
[2026-08-24T15:53:12+09:00] Starting episode 047
[2026-08-24T15:54:07+09:00] Saved video: /home/user/LIBERO/experiments/libero_spatial_benchmark/openvla-7b-finetuned-libero-spatial/seed_7/task_04/videos/episode_047.mp4
[2026-08-24T15:54:08+09:00] Episode 047: success=False, reason=timeout, policy_steps=220
[2026-08-24T15:54:08+09:00] Starting episode 048
[2026-08-24T15:54:40+09:00] Saved video: /home/user/LIBERO/experiments/libero_spatial_benchmark/openvla-7b-finetuned-libero-spatial/seed_7/task_04/videos/episode_048.mp4
[2026-08-24T15:54:41+09:00] Episode 048: success=True, reason=success, policy_steps=125
[2026-08-24T15:54:41+09:00] Starting episode 049
[2026-08-24T15:55:09+09:00] Saved video: /home/user/LIBERO/experiments/libero_spatial_benchmark/openvla-7b-finetuned-libero-spatial/seed_7/task_04/videos/episode_049.mp4
[2026-08-24T15:55:10+09:00] Episode 049: success=True, reason=success, policy_steps=113
